2026-05-01 02:37:33 - getOutlet.php - === REQUEST GETOUTLET ===
2026-05-01 02:37:33 - getOutlet.php - Method: POST
2026-05-01 02:37:33 - getOutlet.php - POST data: {"tgl":"2026-05-01","encrypt":"899ad3c8e5c363b0ac78988e0a6a9208","id_apl":"APL01","key":"Bu"}
2026-05-01 09:37:33 - getOutlet.php - Params - tgl: 2026-05-01, encrypt: 899ad3c8e5c363b0ac78988e0a6a9208, id_apl: APL01, key: Bu
2026-05-01 09:37:33 - getOutlet.php - Aplikasi ditemukan: Ya
2026-05-01 09:37:33 - getOutlet.php - Key aplikasi: YbcJSFjkds...
2026-05-01 09:37:33 - getOutlet.php - Expected encrypt: 899ad3c8e5c363b0ac78988e0a6a9208
2026-05-01 09:37:33 - getOutlet.php - Received encrypt: 899ad3c8e5c363b0ac78988e0a6a9208
2026-05-01 09:37:33 - getOutlet.php - Authentication berhasil
2026-05-01 09:37:33 - getOutlet.php - Query: SELECT id_out, nama_out, '' AS alamat_out, ofcode_out
            FROM outlet 
            WHERE status_out IN ('Active', '1', 'active')
            AND (nama_out LIKE :key OR ofcode_out LIKE :key)
            ORDER BY nama_out ASC
            LIMIT 20
2026-05-01 09:37:33 - getOutlet.php - Query berhasil, mengembalikan 20 record
2026-05-01 09:37:33 - getOutlet.php - === END REQUEST ===
2026-05-01 02:37:34 - getOutlet.php - === REQUEST GETOUTLET ===
2026-05-01 02:37:34 - getOutlet.php - Method: POST
2026-05-01 02:37:34 - getOutlet.php - POST data: {"tgl":"2026-05-01","encrypt":"899ad3c8e5c363b0ac78988e0a6a9208","id_apl":"APL01","key":"Bud"}
2026-05-01 09:37:34 - getOutlet.php - Params - tgl: 2026-05-01, encrypt: 899ad3c8e5c363b0ac78988e0a6a9208, id_apl: APL01, key: Bud
2026-05-01 09:37:34 - getOutlet.php - Aplikasi ditemukan: Ya
2026-05-01 09:37:34 - getOutlet.php - Key aplikasi: YbcJSFjkds...
2026-05-01 09:37:34 - getOutlet.php - Expected encrypt: 899ad3c8e5c363b0ac78988e0a6a9208
2026-05-01 09:37:34 - getOutlet.php - Received encrypt: 899ad3c8e5c363b0ac78988e0a6a9208
2026-05-01 09:37:34 - getOutlet.php - Authentication berhasil
2026-05-01 09:37:34 - getOutlet.php - Query: SELECT id_out, nama_out, '' AS alamat_out, ofcode_out
            FROM outlet 
            WHERE status_out IN ('Active', '1', 'active')
            AND (nama_out LIKE :key OR ofcode_out LIKE :key)
            ORDER BY nama_out ASC
            LIMIT 20
2026-05-01 09:37:34 - getOutlet.php - Query berhasil, mengembalikan 5 record
2026-05-01 09:37:34 - getOutlet.php - === END REQUEST ===
2026-05-01 02:37:34 - getOutlet.php - === REQUEST GETOUTLET ===
2026-05-01 02:37:34 - getOutlet.php - Method: POST
2026-05-01 02:37:34 - getOutlet.php - POST data: {"tgl":"2026-05-01","encrypt":"899ad3c8e5c363b0ac78988e0a6a9208","id_apl":"APL01","key":"Budh"}
2026-05-01 09:37:34 - getOutlet.php - Params - tgl: 2026-05-01, encrypt: 899ad3c8e5c363b0ac78988e0a6a9208, id_apl: APL01, key: Budh
2026-05-01 09:37:34 - getOutlet.php - Aplikasi ditemukan: Ya
2026-05-01 09:37:34 - getOutlet.php - Key aplikasi: YbcJSFjkds...
2026-05-01 09:37:34 - getOutlet.php - Expected encrypt: 899ad3c8e5c363b0ac78988e0a6a9208
2026-05-01 09:37:34 - getOutlet.php - Received encrypt: 899ad3c8e5c363b0ac78988e0a6a9208
2026-05-01 09:37:34 - getOutlet.php - Authentication berhasil
2026-05-01 09:37:34 - getOutlet.php - Query: SELECT id_out, nama_out, '' AS alamat_out, ofcode_out
            FROM outlet 
            WHERE status_out IN ('Active', '1', 'active')
            AND (nama_out LIKE :key OR ofcode_out LIKE :key)
            ORDER BY nama_out ASC
            LIMIT 20
2026-05-01 09:37:34 - getOutlet.php - Query berhasil, mengembalikan 1 record
2026-05-01 09:37:34 - getOutlet.php - === END REQUEST ===
2026-05-01 02:37:34 - getOutlet.php - === REQUEST GETOUTLET ===
2026-05-01 02:37:34 - getOutlet.php - Method: POST
2026-05-01 02:37:34 - getOutlet.php - POST data: {"tgl":"2026-05-01","encrypt":"899ad3c8e5c363b0ac78988e0a6a9208","id_apl":"APL01","key":"Budha"}
2026-05-01 09:37:34 - getOutlet.php - Params - tgl: 2026-05-01, encrypt: 899ad3c8e5c363b0ac78988e0a6a9208, id_apl: APL01, key: Budha
2026-05-01 09:37:34 - getOutlet.php - Aplikasi ditemukan: Ya
2026-05-01 09:37:34 - getOutlet.php - Key aplikasi: YbcJSFjkds...
2026-05-01 09:37:34 - getOutlet.php - Expected encrypt: 899ad3c8e5c363b0ac78988e0a6a9208
2026-05-01 09:37:34 - getOutlet.php - Received encrypt: 899ad3c8e5c363b0ac78988e0a6a9208
2026-05-01 09:37:34 - getOutlet.php - Authentication berhasil
2026-05-01 09:37:34 - getOutlet.php - Query: SELECT id_out, nama_out, '' AS alamat_out, ofcode_out
            FROM outlet 
            WHERE status_out IN ('Active', '1', 'active')
            AND (nama_out LIKE :key OR ofcode_out LIKE :key)
            ORDER BY nama_out ASC
            LIMIT 20
2026-05-01 09:37:34 - getOutlet.php - Query berhasil, mengembalikan 0 record
2026-05-01 09:37:34 - getOutlet.php - === END REQUEST ===
2026-05-01 02:37:36 - getOutlet.php - === REQUEST GETOUTLET ===
2026-05-01 02:37:36 - getOutlet.php - Method: POST
2026-05-01 02:37:36 - getOutlet.php - POST data: {"tgl":"2026-05-01","encrypt":"899ad3c8e5c363b0ac78988e0a6a9208","id_apl":"APL01","key":"Budh"}
2026-05-01 09:37:36 - getOutlet.php - Params - tgl: 2026-05-01, encrypt: 899ad3c8e5c363b0ac78988e0a6a9208, id_apl: APL01, key: Budh
2026-05-01 09:37:36 - getOutlet.php - Aplikasi ditemukan: Ya
2026-05-01 09:37:36 - getOutlet.php - Key aplikasi: YbcJSFjkds...
2026-05-01 09:37:36 - getOutlet.php - Expected encrypt: 899ad3c8e5c363b0ac78988e0a6a9208
2026-05-01 09:37:36 - getOutlet.php - Received encrypt: 899ad3c8e5c363b0ac78988e0a6a9208
2026-05-01 09:37:36 - getOutlet.php - Authentication berhasil
2026-05-01 09:37:36 - getOutlet.php - Query: SELECT id_out, nama_out, '' AS alamat_out, ofcode_out
            FROM outlet 
            WHERE status_out IN ('Active', '1', 'active')
            AND (nama_out LIKE :key OR ofcode_out LIKE :key)
            ORDER BY nama_out ASC
            LIMIT 20
2026-05-01 09:37:36 - getOutlet.php - Query berhasil, mengembalikan 1 record
2026-05-01 09:37:36 - getOutlet.php - === END REQUEST ===
2026-05-01 02:37:45 - getOutlet.php - === REQUEST GETOUTLET ===
2026-05-01 02:37:45 - getOutlet.php - Method: POST
2026-05-01 02:37:45 - getOutlet.php - POST data: {"tgl":"2026-05-01","encrypt":"899ad3c8e5c363b0ac78988e0a6a9208","id_apl":"APL01","key":"Bud"}
2026-05-01 09:37:45 - getOutlet.php - Params - tgl: 2026-05-01, encrypt: 899ad3c8e5c363b0ac78988e0a6a9208, id_apl: APL01, key: Bud
2026-05-01 09:37:45 - getOutlet.php - Aplikasi ditemukan: Ya
2026-05-01 09:37:45 - getOutlet.php - Key aplikasi: YbcJSFjkds...
2026-05-01 09:37:45 - getOutlet.php - Expected encrypt: 899ad3c8e5c363b0ac78988e0a6a9208
2026-05-01 09:37:45 - getOutlet.php - Received encrypt: 899ad3c8e5c363b0ac78988e0a6a9208
2026-05-01 09:37:45 - getOutlet.php - Authentication berhasil
2026-05-01 09:37:45 - getOutlet.php - Query: SELECT id_out, nama_out, '' AS alamat_out, ofcode_out
            FROM outlet 
            WHERE status_out IN ('Active', '1', 'active')
            AND (nama_out LIKE :key OR ofcode_out LIKE :key)
            ORDER BY nama_out ASC
            LIMIT 20
2026-05-01 09:37:45 - getOutlet.php - Query berhasil, mengembalikan 5 record
2026-05-01 09:37:45 - getOutlet.php - === END REQUEST ===
2026-05-01 02:37:45 - getOutlet.php - === REQUEST GETOUTLET ===
2026-05-01 02:37:45 - getOutlet.php - Method: POST
2026-05-01 02:37:45 - getOutlet.php - POST data: {"tgl":"2026-05-01","encrypt":"899ad3c8e5c363b0ac78988e0a6a9208","id_apl":"APL01","key":"Bu"}
2026-05-01 09:37:45 - getOutlet.php - Params - tgl: 2026-05-01, encrypt: 899ad3c8e5c363b0ac78988e0a6a9208, id_apl: APL01, key: Bu
2026-05-01 09:37:45 - getOutlet.php - Aplikasi ditemukan: Ya
2026-05-01 09:37:45 - getOutlet.php - Key aplikasi: YbcJSFjkds...
2026-05-01 09:37:45 - getOutlet.php - Expected encrypt: 899ad3c8e5c363b0ac78988e0a6a9208
2026-05-01 09:37:45 - getOutlet.php - Received encrypt: 899ad3c8e5c363b0ac78988e0a6a9208
2026-05-01 09:37:45 - getOutlet.php - Authentication berhasil
2026-05-01 09:37:45 - getOutlet.php - Query: SELECT id_out, nama_out, '' AS alamat_out, ofcode_out
            FROM outlet 
            WHERE status_out IN ('Active', '1', 'active')
            AND (nama_out LIKE :key OR ofcode_out LIKE :key)
            ORDER BY nama_out ASC
            LIMIT 20
2026-05-01 09:37:45 - getOutlet.php - Query berhasil, mengembalikan 20 record
2026-05-01 09:37:45 - getOutlet.php - === END REQUEST ===
2026-05-01 02:37:47 - getOutlet.php - === REQUEST GETOUTLET ===
2026-05-01 02:37:47 - getOutlet.php - Method: POST
2026-05-01 02:37:47 - getOutlet.php - POST data: {"tgl":"2026-05-01","encrypt":"899ad3c8e5c363b0ac78988e0a6a9208","id_apl":"APL01","key":"Tz"}
2026-05-01 09:37:47 - getOutlet.php - Params - tgl: 2026-05-01, encrypt: 899ad3c8e5c363b0ac78988e0a6a9208, id_apl: APL01, key: Tz
2026-05-01 09:37:47 - getOutlet.php - Aplikasi ditemukan: Ya
2026-05-01 09:37:47 - getOutlet.php - Key aplikasi: YbcJSFjkds...
2026-05-01 09:37:47 - getOutlet.php - Expected encrypt: 899ad3c8e5c363b0ac78988e0a6a9208
2026-05-01 09:37:47 - getOutlet.php - Received encrypt: 899ad3c8e5c363b0ac78988e0a6a9208
2026-05-01 09:37:47 - getOutlet.php - Authentication berhasil
2026-05-01 09:37:47 - getOutlet.php - Query: SELECT id_out, nama_out, '' AS alamat_out, ofcode_out
            FROM outlet 
            WHERE status_out IN ('Active', '1', 'active')
            AND (nama_out LIKE :key OR ofcode_out LIKE :key)
            ORDER BY nama_out ASC
            LIMIT 20
2026-05-01 09:37:47 - getOutlet.php - Query berhasil, mengembalikan 2 record
2026-05-01 09:37:47 - getOutlet.php - === END REQUEST ===
2026-05-01 02:37:47 - getOutlet.php - === REQUEST GETOUTLET ===
2026-05-01 02:37:47 - getOutlet.php - Method: POST
2026-05-01 02:37:47 - getOutlet.php - POST data: {"tgl":"2026-05-01","encrypt":"899ad3c8e5c363b0ac78988e0a6a9208","id_apl":"APL01","key":"Tzu"}
2026-05-01 09:37:47 - getOutlet.php - Params - tgl: 2026-05-01, encrypt: 899ad3c8e5c363b0ac78988e0a6a9208, id_apl: APL01, key: Tzu
2026-05-01 09:37:47 - getOutlet.php - Aplikasi ditemukan: Ya
2026-05-01 09:37:47 - getOutlet.php - Key aplikasi: YbcJSFjkds...
2026-05-01 09:37:47 - getOutlet.php - Expected encrypt: 899ad3c8e5c363b0ac78988e0a6a9208
2026-05-01 09:37:47 - getOutlet.php - Received encrypt: 899ad3c8e5c363b0ac78988e0a6a9208
2026-05-01 09:37:47 - getOutlet.php - Authentication berhasil
2026-05-01 09:37:47 - getOutlet.php - Query: SELECT id_out, nama_out, '' AS alamat_out, ofcode_out
            FROM outlet 
            WHERE status_out IN ('Active', '1', 'active')
            AND (nama_out LIKE :key OR ofcode_out LIKE :key)
            ORDER BY nama_out ASC
            LIMIT 20
2026-05-01 09:37:47 - getOutlet.php - Query berhasil, mengembalikan 2 record
2026-05-01 09:37:47 - getOutlet.php - === END REQUEST ===
2026-05-01 02:37:50 - getOutlet.php - === REQUEST GETOUTLET ===
2026-05-01 02:37:50 - getOutlet.php - Method: POST
2026-05-01 02:37:50 - getOutlet.php - POST data: {"tgl":"2026-05-01","encrypt":"899ad3c8e5c363b0ac78988e0a6a9208","id_apl":"APL01","key":"YAYASAN BUDDHA TZU CHI MEDIKA INDONESIA (TZU CHI HOSPITAL)"}
2026-05-01 09:37:50 - getOutlet.php - Params - tgl: 2026-05-01, encrypt: 899ad3c8e5c363b0ac78988e0a6a9208, id_apl: APL01, key: YAYASAN BUDDHA TZU CHI MEDIKA INDONESIA (TZU CHI HOSPITAL)
2026-05-01 09:37:50 - getOutlet.php - Aplikasi ditemukan: Ya
2026-05-01 09:37:50 - getOutlet.php - Key aplikasi: YbcJSFjkds...
2026-05-01 09:37:50 - getOutlet.php - Expected encrypt: 899ad3c8e5c363b0ac78988e0a6a9208
2026-05-01 09:37:50 - getOutlet.php - Received encrypt: 899ad3c8e5c363b0ac78988e0a6a9208
2026-05-01 09:37:50 - getOutlet.php - Authentication berhasil
2026-05-01 09:37:50 - getOutlet.php - Query: SELECT id_out, nama_out, '' AS alamat_out, ofcode_out
            FROM outlet 
            WHERE status_out IN ('Active', '1', 'active')
            AND (nama_out LIKE :key OR ofcode_out LIKE :key)
            ORDER BY nama_out ASC
            LIMIT 20
2026-05-01 09:37:50 - getOutlet.php - Query berhasil, mengembalikan 1 record
2026-05-01 09:37:50 - getOutlet.php - === END REQUEST ===
2026-05-01 02:38:14 - getOutlet.php - === REQUEST GETOUTLET ===
2026-05-01 02:38:14 - getOutlet.php - Method: POST
2026-05-01 02:38:14 - getOutlet.php - POST data: {"tgl":"2026-05-01","encrypt":"899ad3c8e5c363b0ac78988e0a6a9208","id_apl":"APL01","key":"Su"}
2026-05-01 09:38:14 - getOutlet.php - Params - tgl: 2026-05-01, encrypt: 899ad3c8e5c363b0ac78988e0a6a9208, id_apl: APL01, key: Su
2026-05-01 09:38:14 - getOutlet.php - Aplikasi ditemukan: Ya
2026-05-01 09:38:14 - getOutlet.php - Key aplikasi: YbcJSFjkds...
2026-05-01 09:38:14 - getOutlet.php - Expected encrypt: 899ad3c8e5c363b0ac78988e0a6a9208
2026-05-01 09:38:14 - getOutlet.php - Received encrypt: 899ad3c8e5c363b0ac78988e0a6a9208
2026-05-01 09:38:14 - getOutlet.php - Authentication berhasil
2026-05-01 09:38:14 - getOutlet.php - Query: SELECT id_out, nama_out, '' AS alamat_out, ofcode_out
            FROM outlet 
            WHERE status_out IN ('Active', '1', 'active')
            AND (nama_out LIKE :key OR ofcode_out LIKE :key)
            ORDER BY nama_out ASC
            LIMIT 20
2026-05-01 09:38:14 - getOutlet.php - Query berhasil, mengembalikan 20 record
2026-05-01 09:38:14 - getOutlet.php - === END REQUEST ===
2026-05-01 02:38:14 - getOutlet.php - === REQUEST GETOUTLET ===
2026-05-01 02:38:14 - getOutlet.php - Method: POST
2026-05-01 02:38:14 - getOutlet.php - POST data: {"tgl":"2026-05-01","encrypt":"899ad3c8e5c363b0ac78988e0a6a9208","id_apl":"APL01","key":"Suk"}
2026-05-01 09:38:14 - getOutlet.php - Params - tgl: 2026-05-01, encrypt: 899ad3c8e5c363b0ac78988e0a6a9208, id_apl: APL01, key: Suk
2026-05-01 09:38:14 - getOutlet.php - Aplikasi ditemukan: Ya
2026-05-01 09:38:14 - getOutlet.php - Key aplikasi: YbcJSFjkds...
2026-05-01 09:38:14 - getOutlet.php - Expected encrypt: 899ad3c8e5c363b0ac78988e0a6a9208
2026-05-01 09:38:14 - getOutlet.php - Received encrypt: 899ad3c8e5c363b0ac78988e0a6a9208
2026-05-01 09:38:14 - getOutlet.php - Authentication berhasil
2026-05-01 09:38:14 - getOutlet.php - Query: SELECT id_out, nama_out, '' AS alamat_out, ofcode_out
            FROM outlet 
            WHERE status_out IN ('Active', '1', 'active')
            AND (nama_out LIKE :key OR ofcode_out LIKE :key)
            ORDER BY nama_out ASC
            LIMIT 20
2026-05-01 09:38:14 - getOutlet.php - Query berhasil, mengembalikan 9 record
2026-05-01 09:38:14 - getOutlet.php - === END REQUEST ===
2026-05-01 02:38:15 - getOutlet.php - === REQUEST GETOUTLET ===
2026-05-01 02:38:15 - getOutlet.php - Method: POST
2026-05-01 02:38:15 - getOutlet.php - POST data: {"tgl":"2026-05-01","encrypt":"899ad3c8e5c363b0ac78988e0a6a9208","id_apl":"APL01","key":"Suka"}
2026-05-01 09:38:15 - getOutlet.php - Params - tgl: 2026-05-01, encrypt: 899ad3c8e5c363b0ac78988e0a6a9208, id_apl: APL01, key: Suka
2026-05-01 09:38:15 - getOutlet.php - Aplikasi ditemukan: Ya
2026-05-01 09:38:15 - getOutlet.php - Key aplikasi: YbcJSFjkds...
2026-05-01 09:38:15 - getOutlet.php - Expected encrypt: 899ad3c8e5c363b0ac78988e0a6a9208
2026-05-01 09:38:15 - getOutlet.php - Received encrypt: 899ad3c8e5c363b0ac78988e0a6a9208
2026-05-01 09:38:15 - getOutlet.php - Authentication berhasil
2026-05-01 09:38:15 - getOutlet.php - Query: SELECT id_out, nama_out, '' AS alamat_out, ofcode_out
            FROM outlet 
            WHERE status_out IN ('Active', '1', 'active')
            AND (nama_out LIKE :key OR ofcode_out LIKE :key)
            ORDER BY nama_out ASC
            LIMIT 20
2026-05-01 09:38:15 - getOutlet.php - Query berhasil, mengembalikan 7 record
2026-05-01 09:38:15 - getOutlet.php - === END REQUEST ===
2026-05-01 02:38:16 - getOutlet.php - === REQUEST GETOUTLET ===
2026-05-01 02:38:16 - getOutlet.php - Method: POST
2026-05-01 02:38:16 - getOutlet.php - POST data: {"tgl":"2026-05-01","encrypt":"899ad3c8e5c363b0ac78988e0a6a9208","id_apl":"APL01","key":"Sukap"}
2026-05-01 09:38:16 - getOutlet.php - Params - tgl: 2026-05-01, encrypt: 899ad3c8e5c363b0ac78988e0a6a9208, id_apl: APL01, key: Sukap
2026-05-01 09:38:16 - getOutlet.php - Aplikasi ditemukan: Ya
2026-05-01 09:38:16 - getOutlet.php - Key aplikasi: YbcJSFjkds...
2026-05-01 09:38:16 - getOutlet.php - Expected encrypt: 899ad3c8e5c363b0ac78988e0a6a9208
2026-05-01 09:38:16 - getOutlet.php - Received encrypt: 899ad3c8e5c363b0ac78988e0a6a9208
2026-05-01 09:38:16 - getOutlet.php - Authentication berhasil
2026-05-01 09:38:16 - getOutlet.php - Query: SELECT id_out, nama_out, '' AS alamat_out, ofcode_out
            FROM outlet 
            WHERE status_out IN ('Active', '1', 'active')
            AND (nama_out LIKE :key OR ofcode_out LIKE :key)
            ORDER BY nama_out ASC
            LIMIT 20
2026-05-01 09:38:16 - getOutlet.php - Query berhasil, mengembalikan 1 record
2026-05-01 09:38:16 - getOutlet.php - === END REQUEST ===
2026-05-01 02:38:17 - getOutlet.php - === REQUEST GETOUTLET ===
2026-05-01 02:38:17 - getOutlet.php - Method: POST
2026-05-01 02:38:17 - getOutlet.php - POST data: {"tgl":"2026-05-01","encrypt":"899ad3c8e5c363b0ac78988e0a6a9208","id_apl":"APL01","key":"Sukapu"}
2026-05-01 09:38:17 - getOutlet.php - Params - tgl: 2026-05-01, encrypt: 899ad3c8e5c363b0ac78988e0a6a9208, id_apl: APL01, key: Sukapu
2026-05-01 09:38:17 - getOutlet.php - Aplikasi ditemukan: Ya
2026-05-01 09:38:17 - getOutlet.php - Key aplikasi: YbcJSFjkds...
2026-05-01 09:38:17 - getOutlet.php - Expected encrypt: 899ad3c8e5c363b0ac78988e0a6a9208
2026-05-01 09:38:17 - getOutlet.php - Received encrypt: 899ad3c8e5c363b0ac78988e0a6a9208
2026-05-01 09:38:17 - getOutlet.php - Authentication berhasil
2026-05-01 09:38:17 - getOutlet.php - Query: SELECT id_out, nama_out, '' AS alamat_out, ofcode_out
            FROM outlet 
            WHERE status_out IN ('Active', '1', 'active')
            AND (nama_out LIKE :key OR ofcode_out LIKE :key)
            ORDER BY nama_out ASC
            LIMIT 20
2026-05-01 09:38:17 - getOutlet.php - Query berhasil, mengembalikan 1 record
2026-05-01 09:38:17 - getOutlet.php - === END REQUEST ===
2026-05-01 02:38:17 - getOutlet.php - === REQUEST GETOUTLET ===
2026-05-01 02:38:17 - getOutlet.php - Method: POST
2026-05-01 02:38:17 - getOutlet.php - POST data: {"tgl":"2026-05-01","encrypt":"899ad3c8e5c363b0ac78988e0a6a9208","id_apl":"APL01","key":"Sukapur"}
2026-05-01 09:38:17 - getOutlet.php - Params - tgl: 2026-05-01, encrypt: 899ad3c8e5c363b0ac78988e0a6a9208, id_apl: APL01, key: Sukapur
2026-05-01 09:38:17 - getOutlet.php - Aplikasi ditemukan: Ya
2026-05-01 09:38:17 - getOutlet.php - Key aplikasi: YbcJSFjkds...
2026-05-01 09:38:17 - getOutlet.php - Expected encrypt: 899ad3c8e5c363b0ac78988e0a6a9208
2026-05-01 09:38:17 - getOutlet.php - Received encrypt: 899ad3c8e5c363b0ac78988e0a6a9208
2026-05-01 09:38:17 - getOutlet.php - Authentication berhasil
2026-05-01 09:38:17 - getOutlet.php - Query: SELECT id_out, nama_out, '' AS alamat_out, ofcode_out
            FROM outlet 
            WHERE status_out IN ('Active', '1', 'active')
            AND (nama_out LIKE :key OR ofcode_out LIKE :key)
            ORDER BY nama_out ASC
            LIMIT 20
2026-05-01 09:38:17 - getOutlet.php - Query berhasil, mengembalikan 1 record
2026-05-01 09:38:17 - getOutlet.php - === END REQUEST ===
2026-05-01 02:38:20 - getOutlet.php - === REQUEST GETOUTLET ===
2026-05-01 02:38:20 - getOutlet.php - Method: POST
2026-05-01 02:38:20 - getOutlet.php - POST data: {"tgl":"2026-05-01","encrypt":"899ad3c8e5c363b0ac78988e0a6a9208","id_apl":"APL01","key":"RSI JAKARTA SUKAPURA"}
2026-05-01 09:38:20 - getOutlet.php - Params - tgl: 2026-05-01, encrypt: 899ad3c8e5c363b0ac78988e0a6a9208, id_apl: APL01, key: RSI JAKARTA SUKAPURA
2026-05-01 09:38:20 - getOutlet.php - Aplikasi ditemukan: Ya
2026-05-01 09:38:20 - getOutlet.php - Key aplikasi: YbcJSFjkds...
2026-05-01 09:38:20 - getOutlet.php - Expected encrypt: 899ad3c8e5c363b0ac78988e0a6a9208
2026-05-01 09:38:20 - getOutlet.php - Received encrypt: 899ad3c8e5c363b0ac78988e0a6a9208
2026-05-01 09:38:20 - getOutlet.php - Authentication berhasil
2026-05-01 09:38:20 - getOutlet.php - Query: SELECT id_out, nama_out, '' AS alamat_out, ofcode_out
            FROM outlet 
            WHERE status_out IN ('Active', '1', 'active')
            AND (nama_out LIKE :key OR ofcode_out LIKE :key)
            ORDER BY nama_out ASC
            LIMIT 20
2026-05-01 09:38:20 - getOutlet.php - Query berhasil, mengembalikan 1 record
2026-05-01 09:38:20 - getOutlet.php - === END REQUEST ===
